Copyright 1986-2017 Xilinx, Inc. All Rights Reserved.
----------------------------------------------------------------------------------------------------------------------------------------
| Tool Version     : Vivado v.2017.2 (win64) Build 1909853 Thu Jun 15 18:39:09 MDT 2017
| Date             : Sat Jul 21 00:51:49 2018
| Host             : Acer-Aspire running 64-bit Service Pack 1  (build 7601)
| Command          : report_power -file Galaga_power_routed.rpt -pb Galaga_power_summary_routed.pb -rpx Galaga_power_routed.rpx
| Design           : Galaga
| Device           : xc7z010clg400-1
| Design State     : routed
| Grade            : commercial
| Process          : typical
| Characterization : Production
----------------------------------------------------------------------------------------------------------------------------------------

Power Report

Table of Contents
-----------------
1. Summary
1.1 On-Chip Components
1.2 Power Supply Summary
1.3 Confidence Level
2. Settings
2.1 Environment
2.2 Clock Constraints
3. Detailed Reports
3.1 By Hierarchy

1. Summary
----------

+--------------------------+-------+
| Total On-Chip Power (W)  | 0.359 |
| Dynamic (W)              | 0.251 |
| Device Static (W)        | 0.109 |
| Effective TJA (C/W)      | 11.5  |
| Max Ambient (C)          | 80.9  |
| Junction Temperature (C) | 29.1  |
| Confidence Level         | Low   |
| Setting File             | ---   |
| Simulation Activity File | ---   |
| Design Nets Matched      | NA    |
+--------------------------+-------+


1.1 On-Chip Components
----------------------

+----------------+-----------+----------+-----------+-----------------+
| On-Chip        | Power (W) | Used     | Available | Utilization (%) |
+----------------+-----------+----------+-----------+-----------------+
| Clocks         |     0.010 |        5 |       --- |             --- |
| Slice Logic    |     0.019 |     9187 |       --- |             --- |
|   LUT as Logic |     0.016 |     4697 |     17600 |           26.69 |
|   CARRY4       |     0.002 |      847 |      4400 |           19.25 |
|   Register     |    <0.001 |     2520 |     35200 |            7.16 |
|   F7/F8 Muxes  |    <0.001 |       26 |     17600 |            0.15 |
|   Others       |     0.000 |      210 |       --- |             --- |
| Signals        |     0.027 |     7743 |       --- |             --- |
| Block RAM      |     0.094 |     47.5 |        60 |           79.17 |
| MMCM           |     0.092 |        1 |         2 |           50.00 |
| I/O            |     0.010 |       23 |       100 |           23.00 |
| Static Power   |     0.109 |          |           |                 |
| Total          |     0.359 |          |           |                 |
+----------------+-----------+----------+-----------+-----------------+


1.2 Power Supply Summary
------------------------

+-----------+-------------+-----------+-------------+------------+
| Source    | Voltage (V) | Total (A) | Dynamic (A) | Static (A) |
+-----------+-------------+-----------+-------------+------------+
| Vccint    |       1.000 |     0.146 |       0.141 |      0.005 |
| Vccaux    |       1.800 |     0.062 |       0.051 |      0.011 |
| Vcco33    |       3.300 |     0.004 |       0.003 |      0.001 |
| Vcco25    |       2.500 |     0.000 |       0.000 |      0.000 |
| Vcco18    |       1.800 |     0.000 |       0.000 |      0.000 |
| Vcco15    |       1.500 |     0.000 |       0.000 |      0.000 |
| Vcco135   |       1.350 |     0.000 |       0.000 |      0.000 |
| Vcco12    |       1.200 |     0.000 |       0.000 |      0.000 |
| Vccaux_io |       1.800 |     0.000 |       0.000 |      0.000 |
| Vccbram   |       1.000 |     0.010 |       0.008 |      0.002 |
| MGTAVcc   |       1.000 |     0.000 |       0.000 |      0.000 |
| MGTAVtt   |       1.200 |     0.000 |       0.000 |      0.000 |
| MGTVccaux |       1.800 |     0.000 |       0.000 |      0.000 |
| Vccpint   |       1.000 |     0.018 |       0.000 |      0.018 |
| Vccpaux   |       1.800 |     0.010 |       0.000 |      0.010 |
| Vccpll    |       1.800 |     0.003 |       0.000 |      0.003 |
| Vcco_ddr  |       1.500 |     0.000 |       0.000 |      0.000 |
| Vcco_mio0 |       1.800 |     0.000 |       0.000 |      0.000 |
| Vcco_mio1 |       1.800 |     0.000 |       0.000 |      0.000 |
| Vccadc    |       1.800 |     0.020 |       0.000 |      0.020 |
+-----------+-------------+-----------+-------------+------------+


1.3 Confidence Level
--------------------

+-----------------------------+------------+--------------------------------------------------------+--------------------------------------------------------------------------------------------------------------------+
| User Input Data             | Confidence | Details                                                | Action                                                                                                             |
+-----------------------------+------------+--------------------------------------------------------+--------------------------------------------------------------------------------------------------------------------+
| Design implementation state | High       | Design is routed                                       |                                                                                                                    |
| Clock nodes activity        | Medium     | More than 5% of clocks are missing user specification  | Provide missing clock activity with a constraint file, simulation results or by editing the "By Clock Domain" view |
| I/O nodes activity          | Low        | More than 75% of inputs are missing user specification | Provide missing input activity with simulation results or by editing the "By Resource Type -> I/Os" view           |
| Internal nodes activity     | Medium     | User specified less than 25% of internal nodes         | Provide missing internal nodes activity with simulation results or by editing the "By Resource Type" views         |
| Device models               | High       | Device models are Production                           |                                                                                                                    |
|                             |            |                                                        |                                                                                                                    |
| Overall confidence level    | Low        |                                                        |                                                                                                                    |
+-----------------------------+------------+--------------------------------------------------------+--------------------------------------------------------------------------------------------------------------------+


2. Settings
-----------

2.1 Environment
---------------

+-----------------------+------------------------+
| Ambient Temp (C)      | 25.0                   |
| ThetaJA (C/W)         | 11.5                   |
| Airflow (LFM)         | 250                    |
| Heat Sink             | none                   |
| ThetaSA (C/W)         | 0.0                    |
| Board Selection       | medium (10"x10")       |
| # of Board Layers     | 8to11 (8 to 11 Layers) |
| Board Temperature (C) | 25.0                   |
+-----------------------+------------------------+


2.2 Clock Constraints
---------------------

+-----------------+------------------------------+-----------------+
| Clock           | Domain                       | Constraint (ns) |
+-----------------+------------------------------+-----------------+
| Clk75MHz_unbuff | CLKTree_inst/Clk75MHz_unbuff |            13.3 |
| feedback        | CLKTree_inst/feedback        |            40.0 |
| sys_clk_pin     | clk                          |             8.0 |
+-----------------+------------------------------+-----------------+


3. Detailed Reports
-------------------

3.1 By Hierarchy
----------------

+-----------------------+-----------+
| Name                  | Power (W) |
+-----------------------+-----------+
| Galaga                |     0.251 |
|   CLKTree_inst        |     0.092 |
|   VGA1024_inst        |     0.008 |
|   background_inst     |    <0.001 |
|   ebene_inst          |     0.002 |
|   level_inst          |     0.123 |
|     bee1              |     0.005 |
|       enemyshoot_inst |    <0.001 |
|     bee10             |    <0.001 |
|       enemyshoot_inst |    <0.001 |
|     bee11             |     0.005 |
|       enemyshoot_inst |    <0.001 |
|     bee12             |    <0.001 |
|       enemyshoot_inst |    <0.001 |
|     bee13             |     0.005 |
|       enemyshoot_inst |    <0.001 |
|     bee14             |    <0.001 |
|       enemyshoot_inst |    <0.001 |
|     bee15             |     0.005 |
|       enemyshoot_inst |    <0.001 |
|     bee16             |    <0.001 |
|       enemyshoot_inst |    <0.001 |
|     bee17             |     0.005 |
|       enemyshoot_inst |    <0.001 |
|     bee18             |    <0.001 |
|       enemyshoot_inst |    <0.001 |
|     bee19             |     0.005 |
|       enemyshoot_inst |    <0.001 |
|     bee2              |    <0.001 |
|       enemyshoot_inst |    <0.001 |
|     bee20             |    <0.001 |
|       enemyshoot_inst |    <0.001 |
|     bee3              |     0.004 |
|       enemyshoot_inst |    <0.001 |
|     bee4              |    <0.001 |
|       enemyshoot_inst |    <0.001 |
|     bee5              |     0.005 |
|       enemyshoot_inst |    <0.001 |
|     bee6              |    <0.001 |
|       enemyshoot_inst |    <0.001 |
|     bee7              |     0.005 |
|       enemyshoot_inst |    <0.001 |
|     bee8              |    <0.001 |
|       enemyshoot_inst |    <0.001 |
|     bee9              |     0.005 |
|       enemyshoot_inst |    <0.001 |
|     boss1             |     0.005 |
|       enemyshoot_inst |    <0.001 |
|     boss2             |    <0.001 |
|       enemyshoot_inst |    <0.001 |
|     boss3             |     0.005 |
|       enemyshoot_inst |    <0.001 |
|     boss4             |    <0.001 |
|       enemyshoot_inst |    <0.001 |
|     butterfly1        |     0.005 |
|       enemyshoot_inst |    <0.001 |
|     butterfly10       |    <0.001 |
|       enemyshoot_inst |    <0.001 |
|     butterfly11       |     0.005 |
|       enemyshoot_inst |    <0.001 |
|     butterfly12       |    <0.001 |
|       enemyshoot_inst |    <0.001 |
|     butterfly13       |     0.005 |
|       enemyshoot_inst |    <0.001 |
|     butterfly14       |    <0.001 |
|       enemyshoot_inst |    <0.001 |
|     butterfly15       |     0.005 |
|       enemyshoot_inst |    <0.001 |
|     butterfly16       |    <0.001 |
|       enemyshoot_inst |    <0.001 |
|     butterfly2        |    <0.001 |
|       enemyshoot_inst |    <0.001 |
|     butterfly3        |     0.005 |
|       enemyshoot_inst |    <0.001 |
|     butterfly4        |    <0.001 |
|       enemyshoot_inst |    <0.001 |
|     butterfly5        |     0.005 |
|       enemyshoot_inst |    <0.001 |
|     butterfly6        |    <0.001 |
|       enemyshoot_inst |    <0.001 |
|     butterfly7        |     0.004 |
|       enemyshoot_inst |    <0.001 |
|     butterfly8        |    <0.001 |
|       enemyshoot_inst |    <0.001 |
|     butterfly9        |     0.005 |
|       enemyshoot_inst |    <0.001 |
|     nolabel_line130   |     0.016 |
|   life_inst           |    <0.001 |
|   menu_inst           |     0.011 |
|     letterA           |    <0.001 |
|     letterA2          |    <0.001 |
|     letterE2          |    <0.001 |
|     letterO           |    <0.001 |
|     letterS           |    <0.001 |
|     letterT2          |    <0.001 |
|   player_inst         |     0.002 |
|     ship1             |     0.002 |
|     shoot1            |    <0.001 |
|     shoot2            |    <0.001 |
|   score_inst          |    <0.001 |
|     digit0            |    <0.001 |
|     digit2            |    <0.001 |
|     digit4            |    <0.001 |
|     digit6            |    <0.001 |
|     letterS           |    <0.001 |
+-----------------------+-----------+


